06-May-2026 11:34:15.390 INFOS [main] org.apache.catalina.core.ApplicationContext.log ContextListener: contextInitialized()
06-May-2026 11:34:15.390 INFOS [main] org.apache.catalina.core.ApplicationContext.log SessionListener: contextInitialized()
06-May-2026 11:34:15.396 INFOS [main] org.apache.catalina.core.ApplicationContext.log ContextListener: attributeAdded('StockTicker', 'async.Stockticker@175acfb2')
06-May-2026 11:37:42.620 INFOS [Thread-2] org.apache.catalina.core.ApplicationContext.log SessionListener: contextDestroyed()
06-May-2026 11:37:42.620 INFOS [Thread-2] org.apache.catalina.core.ApplicationContext.log ContextListener: contextDestroyed()
06-May-2026 21:33:14.334 INFOS [main] org.apache.catalina.core.ApplicationContext.log ContextListener: contextInitialized()
06-May-2026 21:33:14.334 INFOS [main] org.apache.catalina.core.ApplicationContext.log SessionListener: contextInitialized()
06-May-2026 21:33:14.336 INFOS [main] org.apache.catalina.core.ApplicationContext.log ContextListener: attributeAdded('StockTicker', 'async.Stockticker@27b22f74')
06-May-2026 21:34:21.822 INFOS [main] org.apache.catalina.core.ApplicationContext.log ContextListener: contextInitialized()
06-May-2026 21:34:21.823 INFOS [main] org.apache.catalina.core.ApplicationContext.log SessionListener: contextInitialized()
06-May-2026 21:34:21.830 INFOS [main] org.apache.catalina.core.ApplicationContext.log ContextListener: attributeAdded('StockTicker', 'async.Stockticker@3a095ec0')
06-May-2026 21:35:16.725 INFOS [http-nio-8080-exec-10] org.apache.catalina.core.ApplicationContext.log [DEBUG] Retrieved 17 reservations for user 4
06-May-2026 21:40:20.942 INFOS [main] org.apache.catalina.core.ApplicationContext.log ContextListener: contextInitialized()
06-May-2026 21:40:20.942 INFOS [main] org.apache.catalina.core.ApplicationContext.log SessionListener: contextInitialized()
06-May-2026 21:40:20.948 INFOS [main] org.apache.catalina.core.ApplicationContext.log ContextListener: attributeAdded('StockTicker', 'async.Stockticker@27b22f74')
06-May-2026 21:43:04.789 INFOS [http-nio-8080-exec-3] org.apache.catalina.core.ApplicationContext.log [DEBUG] Retrieved 18 reservations for user 4
06-May-2026 21:44:54.945 INFOS [main] org.apache.catalina.core.ApplicationContext.log ContextListener: contextInitialized()
06-May-2026 21:44:54.946 INFOS [main] org.apache.catalina.core.ApplicationContext.log SessionListener: contextInitialized()
06-May-2026 21:44:54.948 INFOS [main] org.apache.catalina.core.ApplicationContext.log ContextListener: attributeAdded('StockTicker', 'async.Stockticker@783ec989')
06-May-2026 21:51:36.530 INFOS [main] org.apache.catalina.core.ApplicationContext.log ContextListener: contextInitialized()
06-May-2026 21:51:36.530 INFOS [main] org.apache.catalina.core.ApplicationContext.log SessionListener: contextInitialized()
06-May-2026 21:51:36.536 INFOS [main] org.apache.catalina.core.ApplicationContext.log ContextListener: attributeAdded('StockTicker', 'async.Stockticker@29be7749')
06-May-2026 22:01:08.051 INFOS [main] org.apache.catalina.core.ApplicationContext.log ContextListener: contextInitialized()
06-May-2026 22:01:08.051 INFOS [main] org.apache.catalina.core.ApplicationContext.log SessionListener: contextInitialized()
06-May-2026 22:01:08.053 INFOS [main] org.apache.catalina.core.ApplicationContext.log ContextListener: attributeAdded('StockTicker', 'async.Stockticker@56ccd751')
06-May-2026 22:05:01.542 INFOS [http-nio-8080-exec-8] org.apache.catalina.core.ApplicationContext.log [DEBUG] Retrieved 10 reservations for user 4
06-May-2026 22:05:19.459 INFOS [http-nio-8080-exec-10] org.apache.catalina.core.ApplicationContext.log [DEBUG] Retrieved 11 reservations for user 4
06-May-2026 22:05:29.994 INFOS [http-nio-8080-exec-2] org.apache.catalina.core.ApplicationContext.log [DEBUG] Retrieved 11 reservations for user 4
06-May-2026 22:07:09.233 INFOS [Thread-2] org.apache.catalina.core.ApplicationContext.log SessionListener: contextDestroyed()
06-May-2026 22:07:09.233 INFOS [Thread-2] org.apache.catalina.core.ApplicationContext.log ContextListener: contextDestroyed()
