04-May-2026 16:51:04.755 INFOS [main] org.apache.catalina.core.ApplicationContext.log ContextListener: contextInitialized()
04-May-2026 16:51:04.756 INFOS [main] org.apache.catalina.core.ApplicationContext.log SessionListener: contextInitialized()
04-May-2026 16:51:04.767 INFOS [main] org.apache.catalina.core.ApplicationContext.log ContextListener: attributeAdded('StockTicker', 'async.Stockticker@5c20ffa8')
04-May-2026 17:09:37.178 INFOS [main] org.apache.catalina.core.ApplicationContext.log ContextListener: contextInitialized()
04-May-2026 17:09:37.180 INFOS [main] org.apache.catalina.core.ApplicationContext.log SessionListener: contextInitialized()
04-May-2026 17:09:37.182 INFOS [main] org.apache.catalina.core.ApplicationContext.log ContextListener: attributeAdded('StockTicker', 'async.Stockticker@1d207fad')
04-May-2026 17:16:14.567 INFOS [Thread-2] org.apache.catalina.core.ApplicationContext.log SessionListener: contextDestroyed()
04-May-2026 17:16:14.567 INFOS [Thread-2] org.apache.catalina.core.ApplicationContext.log ContextListener: contextDestroyed()
04-May-2026 17:21:17.844 INFOS [main] org.apache.catalina.core.ApplicationContext.log ContextListener: contextInitialized()
04-May-2026 17:21:17.844 INFOS [main] org.apache.catalina.core.ApplicationContext.log SessionListener: contextInitialized()
04-May-2026 17:21:17.847 INFOS [main] org.apache.catalina.core.ApplicationContext.log ContextListener: attributeAdded('StockTicker', 'async.Stockticker@34b9fc7d')
04-May-2026 17:34:09.238 INFOS [main] org.apache.catalina.core.ApplicationContext.log ContextListener: contextInitialized()
04-May-2026 17:34:09.238 INFOS [main] org.apache.catalina.core.ApplicationContext.log SessionListener: contextInitialized()
04-May-2026 17:34:09.240 INFOS [main] org.apache.catalina.core.ApplicationContext.log ContextListener: attributeAdded('StockTicker', 'async.Stockticker@1d4664d7')
04-May-2026 17:34:28.993 INFOS [http-nio-8080-exec-8] org.apache.catalina.core.ApplicationContext.log [DEBUG] Retrieved 2 reservations for user 4
04-May-2026 17:38:35.317 INFOS [Thread-2] org.apache.catalina.core.ApplicationContext.log SessionListener: contextDestroyed()
04-May-2026 17:38:35.317 INFOS [Thread-2] org.apache.catalina.core.ApplicationContext.log ContextListener: contextDestroyed()
04-May-2026 17:38:44.788 INFOS [main] org.apache.catalina.core.ApplicationContext.log ContextListener: contextInitialized()
04-May-2026 17:38:44.789 INFOS [main] org.apache.catalina.core.ApplicationContext.log SessionListener: contextInitialized()
04-May-2026 17:38:44.790 INFOS [main] org.apache.catalina.core.ApplicationContext.log ContextListener: attributeAdded('StockTicker', 'async.Stockticker@71a3a190')
04-May-2026 17:38:57.537 INFOS [http-nio-8080-exec-9] org.apache.catalina.core.ApplicationContext.log [DEBUG] Retrieved 2 reservations for user 4
04-May-2026 17:39:07.054 INFOS [http-nio-8080-exec-3] org.apache.catalina.core.ApplicationContext.log [DEBUG] Retrieved 2 reservations for user 4
04-May-2026 17:42:38.072 INFOS [Thread-2] org.apache.catalina.core.ApplicationContext.log SessionListener: contextDestroyed()
04-May-2026 17:42:38.072 INFOS [Thread-2] org.apache.catalina.core.ApplicationContext.log ContextListener: contextDestroyed()
04-May-2026 17:42:48.089 INFOS [main] org.apache.catalina.core.ApplicationContext.log ContextListener: contextInitialized()
04-May-2026 17:42:48.089 INFOS [main] org.apache.catalina.core.ApplicationContext.log SessionListener: contextInitialized()
04-May-2026 17:42:48.091 INFOS [main] org.apache.catalina.core.ApplicationContext.log ContextListener: attributeAdded('StockTicker', 'async.Stockticker@56ccd751')
04-May-2026 17:43:10.181 INFOS [http-nio-8080-exec-2] org.apache.catalina.core.ApplicationContext.log [DEBUG] Retrieved 2 reservations for user 4
04-May-2026 17:43:55.294 INFOS [http-nio-8080-exec-2] org.apache.catalina.core.ApplicationContext.log [DEBUG] Retrieved 2 reservations for user 4
04-May-2026 17:44:02.743 INFOS [http-nio-8080-exec-3] org.apache.catalina.core.ApplicationContext.log [DEBUG] Retrieved 2 reservations for user 4
04-May-2026 17:49:21.694 INFOS [http-nio-8080-exec-6] org.apache.catalina.core.ApplicationContext.log [DEBUG] Retrieved 3 reservations for user 4
04-May-2026 17:51:00.232 INFOS [http-nio-8080-exec-8] org.apache.catalina.core.ApplicationContext.log [DEBUG] Retrieved 3 reservations for user 4
04-May-2026 18:00:03.972 INFOS [Thread-2] org.apache.catalina.core.ApplicationContext.log SessionListener: contextDestroyed()
04-May-2026 18:00:03.972 INFOS [Thread-2] org.apache.catalina.core.ApplicationContext.log ContextListener: contextDestroyed()
04-May-2026 18:00:21.958 INFOS [main] org.apache.catalina.core.ApplicationContext.log ContextListener: contextInitialized()
04-May-2026 18:00:21.958 INFOS [main] org.apache.catalina.core.ApplicationContext.log SessionListener: contextInitialized()
04-May-2026 18:00:21.960 INFOS [main] org.apache.catalina.core.ApplicationContext.log ContextListener: attributeAdded('StockTicker', 'async.Stockticker@4aac85fa')
04-May-2026 18:00:48.495 INFOS [http-nio-8080-exec-5] org.apache.catalina.core.ApplicationContext.log [DEBUG] Retrieved 3 reservations for user 4
04-May-2026 18:01:17.487 INFOS [http-nio-8080-exec-5] org.apache.catalina.core.ApplicationContext.log [DEBUG] Retrieved 4 reservations for user 4
04-May-2026 18:01:26.557 INFOS [http-nio-8080-exec-1] org.apache.catalina.core.ApplicationContext.log [DEBUG] Retrieved 4 reservations for user 4
04-May-2026 18:01:37.269 INFOS [http-nio-8080-exec-8] org.apache.catalina.core.ApplicationContext.log [DEBUG] Retrieved 4 reservations for user 4
04-May-2026 18:01:44.131 INFOS [http-nio-8080-exec-7] org.apache.catalina.core.ApplicationContext.log [DEBUG] Retrieved 4 reservations for user 4
04-May-2026 18:02:10.247 INFOS [http-nio-8080-exec-2] org.apache.catalina.core.ApplicationContext.log [DEBUG] Retrieved 0 reservations for user 6
04-May-2026 18:03:54.182 INFOS [http-nio-8080-exec-6] org.apache.catalina.core.ApplicationContext.log [DEBUG] Retrieved 5 reservations for user 4
04-May-2026 18:04:56.996 INFOS [http-nio-8080-exec-3] org.apache.catalina.core.ApplicationContext.log [DEBUG] Retrieved 0 reservations for user 6
04-May-2026 18:04:58.532 INFOS [http-nio-8080-exec-2] org.apache.catalina.core.ApplicationContext.log [DEBUG] Retrieved 0 reservations for user 6
04-May-2026 18:09:28.824 INFOS [http-nio-8080-exec-2] org.apache.catalina.core.ApplicationContext.log [DEBUG] Retrieved 5 reservations for user 4
04-May-2026 18:15:29.385 INFOS [Thread-2] org.apache.catalina.core.ApplicationContext.log SessionListener: contextDestroyed()
04-May-2026 18:15:29.385 INFOS [Thread-2] org.apache.catalina.core.ApplicationContext.log ContextListener: contextDestroyed()
04-May-2026 18:15:41.207 INFOS [main] org.apache.catalina.core.ApplicationContext.log ContextListener: contextInitialized()
04-May-2026 18:15:41.207 INFOS [main] org.apache.catalina.core.ApplicationContext.log SessionListener: contextInitialized()
04-May-2026 18:15:41.210 INFOS [main] org.apache.catalina.core.ApplicationContext.log ContextListener: attributeAdded('StockTicker', 'async.Stockticker@18a645fd')
04-May-2026 18:16:02.189 INFOS [http-nio-8080-exec-1] org.apache.catalina.core.ApplicationContext.log [DEBUG] Retrieved 5 reservations for user 4
04-May-2026 18:17:07.139 INFOS [http-nio-8080-exec-9] org.apache.catalina.core.ApplicationContext.log [DEBUG] Retrieved 5 reservations for user 4
04-May-2026 18:19:55.835 INFOS [http-nio-8080-exec-10] org.apache.catalina.core.ApplicationContext.log [DEBUG] Retrieved 0 reservations for user 6
04-May-2026 18:19:58.997 INFOS [http-nio-8080-exec-2] org.apache.catalina.core.ApplicationContext.log [DEBUG] Retrieved 0 reservations for user 6
04-May-2026 18:32:57.809 INFOS [Thread-2] org.apache.catalina.core.ApplicationContext.log SessionListener: contextDestroyed()
04-May-2026 18:32:57.809 INFOS [Thread-2] org.apache.catalina.core.ApplicationContext.log ContextListener: contextDestroyed()
04-May-2026 18:33:10.790 INFOS [main] org.apache.catalina.core.ApplicationContext.log ContextListener: contextInitialized()
04-May-2026 18:33:10.791 INFOS [main] org.apache.catalina.core.ApplicationContext.log SessionListener: contextInitialized()
04-May-2026 18:33:10.793 INFOS [main] org.apache.catalina.core.ApplicationContext.log ContextListener: attributeAdded('StockTicker', 'async.Stockticker@6872f9c8')
04-May-2026 18:34:21.622 INFOS [http-nio-8080-exec-6] org.apache.catalina.core.ApplicationContext.log [DEBUG] Retrieved 0 reservations for user 6
04-May-2026 18:34:26.519 INFOS [http-nio-8080-exec-10] org.apache.catalina.core.ApplicationContext.log [DEBUG] Retrieved 0 reservations for user 6
04-May-2026 18:34:27.537 INFOS [http-nio-8080-exec-1] org.apache.catalina.core.ApplicationContext.log [DEBUG] Retrieved 0 reservations for user 6
04-May-2026 18:34:38.803 INFOS [http-nio-8080-exec-4] org.apache.catalina.core.ApplicationContext.log [DEBUG] Retrieved 0 reservations for user 6
04-May-2026 18:39:50.980 INFOS [Thread-2] org.apache.catalina.core.ApplicationContext.log SessionListener: contextDestroyed()
04-May-2026 18:39:50.980 INFOS [Thread-2] org.apache.catalina.core.ApplicationContext.log ContextListener: contextDestroyed()
04-May-2026 18:40:01.206 INFOS [main] org.apache.catalina.core.ApplicationContext.log ContextListener: contextInitialized()
04-May-2026 18:40:01.206 INFOS [main] org.apache.catalina.core.ApplicationContext.log SessionListener: contextInitialized()
04-May-2026 18:40:01.209 INFOS [main] org.apache.catalina.core.ApplicationContext.log ContextListener: attributeAdded('StockTicker', 'async.Stockticker@6090f3ca')
04-May-2026 18:43:22.542 INFOS [Thread-2] org.apache.catalina.core.ApplicationContext.log SessionListener: contextDestroyed()
04-May-2026 18:43:22.542 INFOS [Thread-2] org.apache.catalina.core.ApplicationContext.log ContextListener: contextDestroyed()
04-May-2026 18:43:33.752 INFOS [main] org.apache.catalina.core.ApplicationContext.log ContextListener: contextInitialized()
04-May-2026 18:43:33.752 INFOS [main] org.apache.catalina.core.ApplicationContext.log SessionListener: contextInitialized()
04-May-2026 18:43:33.754 INFOS [main] org.apache.catalina.core.ApplicationContext.log ContextListener: attributeAdded('StockTicker', 'async.Stockticker@6090f3ca')
04-May-2026 18:46:08.599 INFOS [Thread-2] org.apache.catalina.core.ApplicationContext.log SessionListener: contextDestroyed()
04-May-2026 18:46:08.599 INFOS [Thread-2] org.apache.catalina.core.ApplicationContext.log ContextListener: contextDestroyed()
04-May-2026 18:46:21.783 INFOS [main] org.apache.catalina.core.ApplicationContext.log ContextListener: contextInitialized()
04-May-2026 18:46:21.783 INFOS [main] org.apache.catalina.core.ApplicationContext.log SessionListener: contextInitialized()
04-May-2026 18:46:21.785 INFOS [main] org.apache.catalina.core.ApplicationContext.log ContextListener: attributeAdded('StockTicker', 'async.Stockticker@6872f9c8')
04-May-2026 18:47:12.891 INFOS [http-nio-8080-exec-5] org.apache.catalina.core.ApplicationContext.log [DEBUG] Retrieved 5 reservations for user 4
04-May-2026 18:48:39.431 INFOS [Thread-2] org.apache.catalina.core.ApplicationContext.log SessionListener: contextDestroyed()
04-May-2026 18:48:39.431 INFOS [Thread-2] org.apache.catalina.core.ApplicationContext.log ContextListener: contextDestroyed()
04-May-2026 18:48:50.985 INFOS [main] org.apache.catalina.core.ApplicationContext.log ContextListener: contextInitialized()
04-May-2026 18:48:50.985 INFOS [main] org.apache.catalina.core.ApplicationContext.log SessionListener: contextInitialized()
04-May-2026 18:48:50.987 INFOS [main] org.apache.catalina.core.ApplicationContext.log ContextListener: attributeAdded('StockTicker', 'async.Stockticker@25b865b5')
04-May-2026 18:50:04.853 INFOS [http-nio-8080-exec-6] org.apache.catalina.core.ApplicationContext.log [DEBUG] Retrieved 5 reservations for user 4
04-May-2026 18:57:14.856 INFOS [Thread-2] org.apache.catalina.core.ApplicationContext.log SessionListener: contextDestroyed()
04-May-2026 18:57:14.856 INFOS [Thread-2] org.apache.catalina.core.ApplicationContext.log ContextListener: contextDestroyed()
04-May-2026 18:57:26.055 INFOS [main] org.apache.catalina.core.ApplicationContext.log ContextListener: contextInitialized()
04-May-2026 18:57:26.055 INFOS [main] org.apache.catalina.core.ApplicationContext.log SessionListener: contextInitialized()
04-May-2026 18:57:26.057 INFOS [main] org.apache.catalina.core.ApplicationContext.log ContextListener: attributeAdded('StockTicker', 'async.Stockticker@25b865b5')
04-May-2026 19:02:41.413 INFOS [Thread-2] org.apache.catalina.core.ApplicationContext.log SessionListener: contextDestroyed()
04-May-2026 19:02:41.413 INFOS [Thread-2] org.apache.catalina.core.ApplicationContext.log ContextListener: contextDestroyed()
04-May-2026 19:02:54.944 INFOS [main] org.apache.catalina.core.ApplicationContext.log ContextListener: contextInitialized()
04-May-2026 19:02:54.944 INFOS [main] org.apache.catalina.core.ApplicationContext.log SessionListener: contextInitialized()
04-May-2026 19:02:54.947 INFOS [main] org.apache.catalina.core.ApplicationContext.log ContextListener: attributeAdded('StockTicker', 'async.Stockticker@25b865b5')
04-May-2026 19:08:29.873 INFOS [Thread-2] org.apache.catalina.core.ApplicationContext.log SessionListener: contextDestroyed()
04-May-2026 19:08:29.873 INFOS [Thread-2] org.apache.catalina.core.ApplicationContext.log ContextListener: contextDestroyed()
04-May-2026 22:33:52.562 INFOS [main] org.apache.catalina.core.ApplicationContext.log ContextListener: contextInitialized()
04-May-2026 22:33:52.564 INFOS [main] org.apache.catalina.core.ApplicationContext.log SessionListener: contextInitialized()
04-May-2026 22:33:52.570 INFOS [main] org.apache.catalina.core.ApplicationContext.log ContextListener: attributeAdded('StockTicker', 'async.Stockticker@25b865b5')
04-May-2026 22:37:29.360 INFOS [Thread-2] org.apache.catalina.core.ApplicationContext.log SessionListener: contextDestroyed()
04-May-2026 22:37:29.360 INFOS [Thread-2] org.apache.catalina.core.ApplicationContext.log ContextListener: contextDestroyed()
04-May-2026 22:37:40.241 INFOS [main] org.apache.catalina.core.ApplicationContext.log ContextListener: contextInitialized()
04-May-2026 22:37:40.241 INFOS [main] org.apache.catalina.core.ApplicationContext.log SessionListener: contextInitialized()
04-May-2026 22:37:40.243 INFOS [main] org.apache.catalina.core.ApplicationContext.log ContextListener: attributeAdded('StockTicker', 'async.Stockticker@1869f114')
04-May-2026 22:40:54.192 INFOS [Thread-2] org.apache.catalina.core.ApplicationContext.log SessionListener: contextDestroyed()
04-May-2026 22:40:54.192 INFOS [Thread-2] org.apache.catalina.core.ApplicationContext.log ContextListener: contextDestroyed()
04-May-2026 22:41:04.632 INFOS [main] org.apache.catalina.core.ApplicationContext.log ContextListener: contextInitialized()
04-May-2026 22:41:04.633 INFOS [main] org.apache.catalina.core.ApplicationContext.log SessionListener: contextInitialized()
04-May-2026 22:41:04.635 INFOS [main] org.apache.catalina.core.ApplicationContext.log ContextListener: attributeAdded('StockTicker', 'async.Stockticker@6872f9c8')
04-May-2026 22:43:46.186 INFOS [Thread-2] org.apache.catalina.core.ApplicationContext.log SessionListener: contextDestroyed()
04-May-2026 22:43:46.186 INFOS [Thread-2] org.apache.catalina.core.ApplicationContext.log ContextListener: contextDestroyed()
04-May-2026 22:43:59.694 INFOS [main] org.apache.catalina.core.ApplicationContext.log ContextListener: contextInitialized()
04-May-2026 22:43:59.694 INFOS [main] org.apache.catalina.core.ApplicationContext.log SessionListener: contextInitialized()
04-May-2026 22:43:59.697 INFOS [main] org.apache.catalina.core.ApplicationContext.log ContextListener: attributeAdded('StockTicker', 'async.Stockticker@1869f114')
04-May-2026 22:46:01.133 INFOS [Thread-2] org.apache.catalina.core.ApplicationContext.log SessionListener: contextDestroyed()
04-May-2026 22:46:01.133 INFOS [Thread-2] org.apache.catalina.core.ApplicationContext.log ContextListener: contextDestroyed()
04-May-2026 22:46:11.798 INFOS [main] org.apache.catalina.core.ApplicationContext.log ContextListener: contextInitialized()
04-May-2026 22:46:11.798 INFOS [main] org.apache.catalina.core.ApplicationContext.log SessionListener: contextInitialized()
04-May-2026 22:46:11.800 INFOS [main] org.apache.catalina.core.ApplicationContext.log ContextListener: attributeAdded('StockTicker', 'async.Stockticker@40021799')
04-May-2026 22:50:52.898 INFOS [Thread-2] org.apache.catalina.core.ApplicationContext.log SessionListener: contextDestroyed()
04-May-2026 22:50:52.898 INFOS [Thread-2] org.apache.catalina.core.ApplicationContext.log ContextListener: contextDestroyed()
04-May-2026 22:51:03.179 INFOS [main] org.apache.catalina.core.ApplicationContext.log ContextListener: contextInitialized()
04-May-2026 22:51:03.179 INFOS [main] org.apache.catalina.core.ApplicationContext.log SessionListener: contextInitialized()
04-May-2026 22:51:03.181 INFOS [main] org.apache.catalina.core.ApplicationContext.log ContextListener: attributeAdded('StockTicker', 'async.Stockticker@40021799')
04-May-2026 22:56:20.747 INFOS [Thread-2] org.apache.catalina.core.ApplicationContext.log SessionListener: contextDestroyed()
04-May-2026 22:56:20.748 INFOS [Thread-2] org.apache.catalina.core.ApplicationContext.log ContextListener: contextDestroyed()
04-May-2026 22:56:31.621 INFOS [main] org.apache.catalina.core.ApplicationContext.log ContextListener: contextInitialized()
04-May-2026 22:56:31.621 INFOS [main] org.apache.catalina.core.ApplicationContext.log SessionListener: contextInitialized()
04-May-2026 22:56:31.623 INFOS [main] org.apache.catalina.core.ApplicationContext.log ContextListener: attributeAdded('StockTicker', 'async.Stockticker@6872f9c8')
04-May-2026 23:01:26.887 INFOS [Thread-2] org.apache.catalina.core.ApplicationContext.log SessionListener: contextDestroyed()
04-May-2026 23:01:26.887 INFOS [Thread-2] org.apache.catalina.core.ApplicationContext.log ContextListener: contextDestroyed()
04-May-2026 23:01:37.583 INFOS [main] org.apache.catalina.core.ApplicationContext.log ContextListener: contextInitialized()
04-May-2026 23:01:37.583 INFOS [main] org.apache.catalina.core.ApplicationContext.log SessionListener: contextInitialized()
04-May-2026 23:01:37.585 INFOS [main] org.apache.catalina.core.ApplicationContext.log ContextListener: attributeAdded('StockTicker', 'async.Stockticker@6872f9c8')
04-May-2026 23:05:27.430 INFOS [Thread-2] org.apache.catalina.core.ApplicationContext.log SessionListener: contextDestroyed()
04-May-2026 23:05:27.430 INFOS [Thread-2] org.apache.catalina.core.ApplicationContext.log ContextListener: contextDestroyed()
04-May-2026 23:05:43.309 INFOS [main] org.apache.catalina.core.ApplicationContext.log ContextListener: contextInitialized()
04-May-2026 23:05:43.309 INFOS [main] org.apache.catalina.core.ApplicationContext.log SessionListener: contextInitialized()
04-May-2026 23:05:43.311 INFOS [main] org.apache.catalina.core.ApplicationContext.log ContextListener: attributeAdded('StockTicker', 'async.Stockticker@6872f9c8')
04-May-2026 23:10:43.936 INFOS [Thread-2] org.apache.catalina.core.ApplicationContext.log SessionListener: contextDestroyed()
04-May-2026 23:10:43.936 INFOS [Thread-2] org.apache.catalina.core.ApplicationContext.log ContextListener: contextDestroyed()
04-May-2026 23:10:59.990 INFOS [main] org.apache.catalina.core.ApplicationContext.log ContextListener: contextInitialized()
04-May-2026 23:10:59.990 INFOS [main] org.apache.catalina.core.ApplicationContext.log SessionListener: contextInitialized()
04-May-2026 23:10:59.992 INFOS [main] org.apache.catalina.core.ApplicationContext.log ContextListener: attributeAdded('StockTicker', 'async.Stockticker@488b50ec')
04-May-2026 23:12:03.941 INFOS [Thread-2] org.apache.catalina.core.ApplicationContext.log SessionListener: contextDestroyed()
04-May-2026 23:12:03.941 INFOS [Thread-2] org.apache.catalina.core.ApplicationContext.log ContextListener: contextDestroyed()
04-May-2026 23:12:19.050 INFOS [main] org.apache.catalina.core.ApplicationContext.log ContextListener: contextInitialized()
04-May-2026 23:12:19.050 INFOS [main] org.apache.catalina.core.ApplicationContext.log SessionListener: contextInitialized()
04-May-2026 23:12:19.053 INFOS [main] org.apache.catalina.core.ApplicationContext.log ContextListener: attributeAdded('StockTicker', 'async.Stockticker@40021799')
04-May-2026 23:13:03.029 INFOS [Thread-2] org.apache.catalina.core.ApplicationContext.log SessionListener: contextDestroyed()
04-May-2026 23:13:03.029 INFOS [Thread-2] org.apache.catalina.core.ApplicationContext.log ContextListener: contextDestroyed()
04-May-2026 23:13:16.082 INFOS [main] org.apache.catalina.core.ApplicationContext.log ContextListener: contextInitialized()
04-May-2026 23:13:16.082 INFOS [main] org.apache.catalina.core.ApplicationContext.log SessionListener: contextInitialized()
04-May-2026 23:13:16.085 INFOS [main] org.apache.catalina.core.ApplicationContext.log ContextListener: attributeAdded('StockTicker', 'async.Stockticker@6d2d99fc')
04-May-2026 23:15:26.618 INFOS [Thread-2] org.apache.catalina.core.ApplicationContext.log SessionListener: contextDestroyed()
04-May-2026 23:15:26.618 INFOS [Thread-2] org.apache.catalina.core.ApplicationContext.log ContextListener: contextDestroyed()
04-May-2026 23:15:41.124 INFOS [main] org.apache.catalina.core.ApplicationContext.log ContextListener: contextInitialized()
04-May-2026 23:15:41.130 INFOS [main] org.apache.catalina.core.ApplicationContext.log SessionListener: contextInitialized()
04-May-2026 23:15:41.135 INFOS [main] org.apache.catalina.core.ApplicationContext.log ContextListener: attributeAdded('StockTicker', 'async.Stockticker@18a645fd')
04-May-2026 23:17:12.587 INFOS [http-nio-8080-exec-8] org.apache.catalina.core.ApplicationContext.log [DEBUG] Retrieved 5 reservations for user 4
04-May-2026 23:17:21.236 INFOS [http-nio-8080-exec-2] org.apache.catalina.core.ApplicationContext.log [DEBUG] Retrieved 5 reservations for user 4
04-May-2026 23:18:22.759 INFOS [http-nio-8080-exec-3] org.apache.catalina.core.ApplicationContext.log [DEBUG] Retrieved 5 reservations for user 4
04-May-2026 23:32:54.993 INFOS [Thread-2] org.apache.catalina.core.ApplicationContext.log SessionListener: contextDestroyed()
04-May-2026 23:32:54.993 INFOS [Thread-2] org.apache.catalina.core.ApplicationContext.log ContextListener: contextDestroyed()
04-May-2026 23:33:08.273 INFOS [main] org.apache.catalina.core.ApplicationContext.log ContextListener: contextInitialized()
04-May-2026 23:33:08.273 INFOS [main] org.apache.catalina.core.ApplicationContext.log SessionListener: contextInitialized()
04-May-2026 23:33:08.276 INFOS [main] org.apache.catalina.core.ApplicationContext.log ContextListener: attributeAdded('StockTicker', 'async.Stockticker@37a64f9d')
04-May-2026 23:34:11.406 INFOS [http-nio-8080-exec-4] org.apache.catalina.core.ApplicationContext.log [DEBUG] Retrieved 7 reservations for user 4
04-May-2026 23:35:33.416 INFOS [Thread-2] org.apache.catalina.core.ApplicationContext.log SessionListener: contextDestroyed()
04-May-2026 23:35:33.416 INFOS [Thread-2] org.apache.catalina.core.ApplicationContext.log ContextListener: contextDestroyed()
04-May-2026 23:35:53.598 INFOS [main] org.apache.catalina.core.ApplicationContext.log ContextListener: contextInitialized()
04-May-2026 23:35:53.599 INFOS [main] org.apache.catalina.core.ApplicationContext.log SessionListener: contextInitialized()
04-May-2026 23:35:53.600 INFOS [main] org.apache.catalina.core.ApplicationContext.log ContextListener: attributeAdded('StockTicker', 'async.Stockticker@25b865b5')
04-May-2026 23:36:08.192 INFOS [http-nio-8080-exec-2] org.apache.catalina.core.ApplicationContext.log [DEBUG] Retrieved 8 reservations for user 4
04-May-2026 23:37:00.821 INFOS [http-nio-8080-exec-10] org.apache.catalina.core.ApplicationContext.log [DEBUG] Retrieved 8 reservations for user 4
04-May-2026 23:37:26.086 INFOS [http-nio-8080-exec-3] org.apache.catalina.core.ApplicationContext.log [DEBUG] Retrieved 9 reservations for user 4
04-May-2026 23:41:45.421 INFOS [Thread-2] org.apache.catalina.core.ApplicationContext.log SessionListener: contextDestroyed()
04-May-2026 23:41:45.421 INFOS [Thread-2] org.apache.catalina.core.ApplicationContext.log ContextListener: contextDestroyed()
04-May-2026 23:41:55.646 INFOS [main] org.apache.catalina.core.ApplicationContext.log ContextListener: contextInitialized()
04-May-2026 23:41:55.646 INFOS [main] org.apache.catalina.core.ApplicationContext.log SessionListener: contextInitialized()
04-May-2026 23:41:55.648 INFOS [main] org.apache.catalina.core.ApplicationContext.log ContextListener: attributeAdded('StockTicker', 'async.Stockticker@18a645fd')
04-May-2026 23:42:28.484 INFOS [http-nio-8080-exec-3] org.apache.catalina.core.ApplicationContext.log [DEBUG] Retrieved 10 reservations for user 4
04-May-2026 23:43:05.446 INFOS [http-nio-8080-exec-8] org.apache.catalina.core.ApplicationContext.log [DEBUG] Retrieved 10 reservations for user 4
04-May-2026 23:44:15.380 INFOS [Thread-2] org.apache.catalina.core.ApplicationContext.log SessionListener: contextDestroyed()
04-May-2026 23:44:15.380 INFOS [Thread-2] org.apache.catalina.core.ApplicationContext.log ContextListener: contextDestroyed()
04-May-2026 23:44:26.613 INFOS [main] org.apache.catalina.core.ApplicationContext.log ContextListener: contextInitialized()
04-May-2026 23:44:26.614 INFOS [main] org.apache.catalina.core.ApplicationContext.log SessionListener: contextInitialized()
04-May-2026 23:44:26.621 INFOS [main] org.apache.catalina.core.ApplicationContext.log ContextListener: attributeAdded('StockTicker', 'async.Stockticker@25b865b5')
04-May-2026 23:44:42.616 INFOS [http-nio-8080-exec-2] org.apache.catalina.core.ApplicationContext.log [DEBUG] Retrieved 11 reservations for user 4
04-May-2026 23:45:06.265 INFOS [http-nio-8080-exec-9] org.apache.catalina.core.ApplicationContext.log [DEBUG] Retrieved 11 reservations for user 4
04-May-2026 23:47:12.187 INFOS [Thread-2] org.apache.catalina.core.ApplicationContext.log SessionListener: contextDestroyed()
04-May-2026 23:47:12.187 INFOS [Thread-2] org.apache.catalina.core.ApplicationContext.log ContextListener: contextDestroyed()
