05-May-2026 12:36:10.822 INFOS [main] org.apache.catalina.core.ApplicationContext.log ContextListener: contextInitialized()
05-May-2026 12:36:10.822 INFOS [main] org.apache.catalina.core.ApplicationContext.log SessionListener: contextInitialized()
05-May-2026 12:36:10.824 INFOS [main] org.apache.catalina.core.ApplicationContext.log ContextListener: attributeAdded('StockTicker', 'async.Stockticker@1b32cd16')
05-May-2026 12:41:27.225 INFOS [Thread-2] org.apache.catalina.core.ApplicationContext.log SessionListener: contextDestroyed()
05-May-2026 12:41:27.225 INFOS [Thread-2] org.apache.catalina.core.ApplicationContext.log ContextListener: contextDestroyed()
05-May-2026 12:41:40.826 INFOS [main] org.apache.catalina.core.ApplicationContext.log ContextListener: contextInitialized()
05-May-2026 12:41:40.826 INFOS [main] org.apache.catalina.core.ApplicationContext.log SessionListener: contextInitialized()
05-May-2026 12:41:40.828 INFOS [main] org.apache.catalina.core.ApplicationContext.log ContextListener: attributeAdded('StockTicker', 'async.Stockticker@6872f9c8')
05-May-2026 12:48:10.799 INFOS [Thread-2] org.apache.catalina.core.ApplicationContext.log SessionListener: contextDestroyed()
05-May-2026 12:48:10.800 INFOS [Thread-2] org.apache.catalina.core.ApplicationContext.log ContextListener: contextDestroyed()
05-May-2026 12:48:26.136 INFOS [main] org.apache.catalina.core.ApplicationContext.log ContextListener: contextInitialized()
05-May-2026 12:48:26.137 INFOS [main] org.apache.catalina.core.ApplicationContext.log SessionListener: contextInitialized()
05-May-2026 12:48:26.142 INFOS [main] org.apache.catalina.core.ApplicationContext.log ContextListener: attributeAdded('StockTicker', 'async.Stockticker@47b2e9e1')
05-May-2026 12:49:37.258 INFOS [http-nio-8080-exec-2] org.apache.catalina.core.ApplicationContext.log [DEBUG] Retrieved 11 reservations for user 4
05-May-2026 12:50:10.464 INFOS [http-nio-8080-exec-2] org.apache.catalina.core.ApplicationContext.log [DEBUG] Retrieved 12 reservations for user 4
05-May-2026 12:50:24.988 INFOS [http-nio-8080-exec-8] org.apache.catalina.core.ApplicationContext.log [DEBUG] Retrieved 12 reservations for user 4
05-May-2026 12:52:25.878 INFOS [http-nio-8080-exec-5] org.apache.catalina.core.ApplicationContext.log [DEBUG] Retrieved 12 reservations for user 4
05-May-2026 12:52:48.703 INFOS [http-nio-8080-exec-4] org.apache.catalina.core.ApplicationContext.log [DEBUG] Retrieved 12 reservations for user 4
05-May-2026 12:54:47.627 INFOS [Thread-2] org.apache.catalina.core.ApplicationContext.log SessionListener: contextDestroyed()
05-May-2026 12:54:47.627 INFOS [Thread-2] org.apache.catalina.core.ApplicationContext.log ContextListener: contextDestroyed()
