07-May-2026 00:35:09.010 INFOS [main] org.apache.catalina.core.ApplicationContext.log ContextListener: contextInitialized()
07-May-2026 00:35:09.010 INFOS [main] org.apache.catalina.core.ApplicationContext.log SessionListener: contextInitialized()
07-May-2026 00:35:09.014 INFOS [main] org.apache.catalina.core.ApplicationContext.log ContextListener: attributeAdded('StockTicker', 'async.Stockticker@5c20ffa8')
07-May-2026 00:44:09.647 INFOS [Thread-2] org.apache.catalina.core.ApplicationContext.log SessionListener: contextDestroyed()
07-May-2026 00:44:09.647 INFOS [Thread-2] org.apache.catalina.core.ApplicationContext.log ContextListener: contextDestroyed()
07-May-2026 01:05:55.535 INFOS [main] org.apache.catalina.core.ApplicationContext.log ContextListener: contextInitialized()
07-May-2026 01:05:55.536 INFOS [main] org.apache.catalina.core.ApplicationContext.log SessionListener: contextInitialized()
07-May-2026 01:05:55.537 INFOS [main] org.apache.catalina.core.ApplicationContext.log ContextListener: attributeAdded('StockTicker', 'async.Stockticker@56ccd751')
07-May-2026 01:06:52.279 INFOS [Thread-2] org.apache.catalina.core.ApplicationContext.log SessionListener: contextDestroyed()
07-May-2026 01:06:52.279 INFOS [Thread-2] org.apache.catalina.core.ApplicationContext.log ContextListener: contextDestroyed()
07-May-2026 01:07:03.920 INFOS [main] org.apache.catalina.core.ApplicationContext.log ContextListener: contextInitialized()
07-May-2026 01:07:03.921 INFOS [main] org.apache.catalina.core.ApplicationContext.log SessionListener: contextInitialized()
07-May-2026 01:07:03.924 INFOS [main] org.apache.catalina.core.ApplicationContext.log ContextListener: attributeAdded('StockTicker', 'async.Stockticker@2f879bab')
07-May-2026 01:07:06.273 INFOS [Thread-2] org.apache.catalina.core.ApplicationContext.log SessionListener: contextDestroyed()
07-May-2026 01:07:06.273 INFOS [Thread-2] org.apache.catalina.core.ApplicationContext.log ContextListener: contextDestroyed()
07-May-2026 01:10:13.166 INFOS [main] org.apache.catalina.core.ApplicationContext.log ContextListener: contextInitialized()
07-May-2026 01:10:13.166 INFOS [main] org.apache.catalina.core.ApplicationContext.log SessionListener: contextInitialized()
07-May-2026 01:10:13.169 INFOS [main] org.apache.catalina.core.ApplicationContext.log ContextListener: attributeAdded('StockTicker', 'async.Stockticker@1d4664d7')
07-May-2026 01:11:24.838 INFOS [Thread-2] org.apache.catalina.core.ApplicationContext.log SessionListener: contextDestroyed()
07-May-2026 01:11:24.838 INFOS [Thread-2] org.apache.catalina.core.ApplicationContext.log ContextListener: contextDestroyed()
07-May-2026 01:11:35.525 INFOS [main] org.apache.catalina.core.ApplicationContext.log ContextListener: contextInitialized()
07-May-2026 01:11:35.525 INFOS [main] org.apache.catalina.core.ApplicationContext.log SessionListener: contextInitialized()
07-May-2026 01:11:35.527 INFOS [main] org.apache.catalina.core.ApplicationContext.log ContextListener: attributeAdded('StockTicker', 'async.Stockticker@1d4664d7')
07-May-2026 01:11:39.177 INFOS [Thread-2] org.apache.catalina.core.ApplicationContext.log SessionListener: contextDestroyed()
07-May-2026 01:11:39.177 INFOS [Thread-2] org.apache.catalina.core.ApplicationContext.log ContextListener: contextDestroyed()
